// Jest Snapshot v1, https://goo.gl/fbAQLP

exports[`renders the component 1`] = `
<body>
  <div />
  <div
    data-cf-ui-portal=""
  >
    ğŸ‘‹
  </div>
</body>
`;

exports[`renders the component in a separate container 1`] = `
<body>
  <span>
    <div
      data-cf-ui-portal=""
    >
      ğŸ‘‹
    </div>
  </span>
  <div />
</body>
`;
