// Jest Snapshot v1, https://goo.gl/fbAQLP

exports[`renders 3 lines of skeleton text 1`] = `
<svg
  aria-label="Loading component..."
  className="SkeletonContainer"
  data-test-id="cf-ui-skeleton-form"
  height="100%"
  preserveAspectRatio="xMidYMid meet"
  role="img"
  width="100%"
>
  <title>
    Loading component...
  </title>
  <rect
    clipPath="url(#cf-ui-skeleton-clip-2)"
    height="100%"
    style={
      Object {
        "fill": "url(#cf-ui-skeleton-clip-gradient-3)",
      }
    }
    width="100%"
    x="0"
    y="0"
  />
  <defs>
    <clipPath
      id="cf-ui-skeleton-clip-2"
    >
      <SkeletonText
        lineHeight={21}
        marginBottom={20}
        numberOfLines={3}
        offsetLeft={0}
        offsetTop={0}
      />
    </clipPath>
    <linearGradient
      id="cf-ui-skeleton-clip-gradient-3"
    >
      <stop
        offset="0%"
        stopColor="#e5ebed"
        stopOpacity={1}
      >
        <animate
          attributeName="stop-color"
          dur="2s"
          id="animation1"
          repeatCount="indefinite"
          values="#e5ebed; #f7f9fa; #e5ebed"
        />
      </stop>
      <stop
        offset="50%"
        stopColor="#f7f9fa"
        stopOpacity={1}
      >
        <animate
          attributeName="stop-color"
          begin="animation1.begin+0.25s"
          dur="2s"
          repeatCount="indefinite"
          values="#e5ebed; #f7f9fa; #e5ebed"
        />
      </stop>
      <stop
        offset="100%"
        stopColor="#e5ebed"
        stopOpacity={1}
      >
        <animate
          attributeName="stop-color"
          begin="animation1.begin+0.5s"
          dur="2s"
          repeatCount="indefinite"
          values="#e5ebed; #f7f9fa; #e5ebed"
        />
      </stop>
    </linearGradient>
  </defs>
</svg>
`;

exports[`renders the component 1`] = `
<svg
  aria-label="Loading component..."
  className="SkeletonContainer"
  data-test-id="cf-ui-skeleton-form"
  height="100%"
  preserveAspectRatio="xMidYMid meet"
  role="img"
  width="100%"
>
  <title>
    Loading component...
  </title>
  <rect
    clipPath="url(#cf-ui-skeleton-clip-0)"
    height="100%"
    style={
      Object {
        "fill": "url(#cf-ui-skeleton-clip-gradient-1)",
      }
    }
    width="100%"
    x="0"
    y="0"
  />
  <defs>
    <clipPath
      id="cf-ui-skeleton-clip-0"
    >
      <SkeletonText
        lineHeight={21}
        marginBottom={20}
        numberOfLines={1}
        offsetLeft={0}
        offsetTop={0}
      />
    </clipPath>
    <linearGradient
      id="cf-ui-skeleton-clip-gradient-1"
    >
      <stop
        offset="0%"
        stopColor="#e5ebed"
        stopOpacity={1}
      >
        <animate
          attributeName="stop-color"
          dur="2s"
          id="animation1"
          repeatCount="indefinite"
          values="#e5ebed; #f7f9fa; #e5ebed"
        />
      </stop>
      <stop
        offset="50%"
        stopColor="#f7f9fa"
        stopOpacity={1}
      >
        <animate
          attributeName="stop-color"
          begin="animation1.begin+0.25s"
          dur="2s"
          repeatCount="indefinite"
          values="#e5ebed; #f7f9fa; #e5ebed"
        />
      </stop>
      <stop
        offset="100%"
        stopColor="#e5ebed"
        stopOpacity={1}
      >
        <animate
          attributeName="stop-color"
          begin="animation1.begin+0.5s"
          dur="2s"
          repeatCount="indefinite"
          values="#e5ebed; #f7f9fa; #e5ebed"
        />
      </stop>
    </linearGradient>
  </defs>
</svg>
`;
