// Jest Snapshot v1, https://goo.gl/fbAQLP

exports[`renders the component 1`] = `
<div
  class="Select__wrapper Select--full"
>
  <select
    aria-label="optionSelect"
    class="Select"
    data-test-id="cf-ui-select"
    id="optionSelect"
    name="optionSelect"
  >
    <option
      data-test-id="cf-ui-select-option"
      value="optionOne"
    >
      Option One
    </option>
  </select>
  <svg
    class="Icon Icon--small Icon--muted Select__icon"
    data-test-id="cf-ui-icon"
    height="1em"
    viewBox="0 0 24 24"
    width="1em"
  >
    <path
      d="M7 10l5 5 5-5z"
    />
    <path
      d="M0 0h24v24H0z"
      fill="none"
    />
  </svg>
</div>
`;

exports[`renders the component as required 1`] = `
<div
  class="Select__wrapper Select--full"
>
  <select
    aria-label="optionSelect"
    class="Select"
    data-test-id="cf-ui-select"
    id="optionSelect"
    name="optionSelect"
    required=""
  >
    <option
      data-test-id="cf-ui-select-option"
      value="optionOne"
    >
      Option One
    </option>
  </select>
  <svg
    class="Icon Icon--small Icon--muted Select__icon"
    data-test-id="cf-ui-icon"
    height="1em"
    viewBox="0 0 24 24"
    width="1em"
  >
    <path
      d="M7 10l5 5 5-5z"
    />
    <path
      d="M0 0h24v24H0z"
      fill="none"
    />
  </svg>
</div>
`;

exports[`renders the component in disabled state 1`] = `
<div
  class="Select__wrapper Select--full"
>
  <select
    aria-label="optionSelect"
    class="Select Select--disabled"
    data-test-id="cf-ui-select"
    disabled=""
    id="optionSelect"
    name="optionSelect"
  >
    <option
      data-test-id="cf-ui-select-option"
      value="optionOne"
    >
      Option One
    </option>
  </select>
  <svg
    class="Icon Icon--small Icon--muted Select__icon"
    data-test-id="cf-ui-icon"
    height="1em"
    viewBox="0 0 24 24"
    width="1em"
  >
    <path
      d="M7 10l5 5 5-5z"
    />
    <path
      d="M0 0h24v24H0z"
      fill="none"
    />
  </svg>
</div>
`;

exports[`renders the component with a value 1`] = `
<div
  class="Select__wrapper Select--full"
>
  <select
    aria-label="optionSelect"
    class="Select"
    data-test-id="cf-ui-select"
    id="optionSelect"
    name="optionSelect"
  >
    <option
      data-test-id="cf-ui-select-option"
      value="optionOne"
    >
      Option One
    </option>
  </select>
  <svg
    class="Icon Icon--small Icon--muted Select__icon"
    data-test-id="cf-ui-icon"
    height="1em"
    viewBox="0 0 24 24"
    width="1em"
  >
    <path
      d="M7 10l5 5 5-5z"
    />
    <path
      d="M0 0h24v24H0z"
      fill="none"
    />
  </svg>
</div>
`;

exports[`renders the component with an extra class name 1`] = `
<div
  class="Select__wrapper Select--full extraClassName"
>
  <select
    aria-label="optionSelect"
    class="Select"
    data-test-id="cf-ui-select"
    id="optionSelect"
    name="optionSelect"
  >
    <option
      data-test-id="cf-ui-select-option"
      value="optionOne"
    >
      Option One
    </option>
  </select>
  <svg
    class="Icon Icon--small Icon--muted Select__icon"
    data-test-id="cf-ui-icon"
    height="1em"
    viewBox="0 0 24 24"
    width="1em"
  >
    <path
      d="M7 10l5 5 5-5z"
    />
    <path
      d="M0 0h24v24H0z"
      fill="none"
    />
  </svg>
</div>
`;

exports[`renders the component with error 1`] = `
<div
  class="Select__wrapper Select--full"
>
  <select
    aria-label="optionSelect"
    class="Select Select--negative"
    data-test-id="cf-ui-select"
    id="optionSelect"
    name="optionSelect"
  >
    <option
      data-test-id="cf-ui-select-option"
      value="optionOne"
    >
      Option One
    </option>
  </select>
  <svg
    class="Icon Icon--small Icon--muted Select__icon"
    data-test-id="cf-ui-icon"
    height="1em"
    viewBox="0 0 24 24"
    width="1em"
  >
    <path
      d="M7 10l5 5 5-5z"
    />
    <path
      d="M0 0h24v24H0z"
      fill="none"
    />
  </svg>
</div>
`;
