// Jest Snapshot v1, https://goo.gl/fbAQLP

exports[`renders the component 1`] = `
<button
  class="TableSortingLabel__button"
  data-test-id="cf-ui-table-sorting-label"
  direction="asc"
  type="button"
>
  <span
    class="TabFocusTrap TableSortingLabel__button__text"
    tabindex="-1"
  >
    Foo
    <svg
      class="Icon Icon--small Icon--muted TableSortingLabel__icon TableSortingLabel__icon--asc"
      data-test-id="cf-ui-icon"
      height="1em"
      viewBox="0 0 24 24"
      width="1em"
    >
      <path
        d="M7 14l5-5 5 5z"
      />
      <path
        d="M0 0h24v24H0z"
        fill="none"
      />
    </svg>
  </span>
</button>
`;

exports[`renders the component inactive 1`] = `
<button
  class="TableSortingLabel__button"
  data-test-id="cf-ui-table-sorting-label"
  direction="desc"
  type="button"
>
  <span
    class="TabFocusTrap TableSortingLabel__button__text"
    tabindex="-1"
  >
    Foo
  </span>
</button>
`;
