// Jest Snapshot v1, https://goo.gl/fbAQLP

exports[`renders the component with a value 1`] = `
.emotion-0 {
  display: inline-block;
  fill: #ffffff;
  height: 24px;
  width: 24px;
}

<div
  class="Checkbox my-extra-class"
>
  <input
    aria-label="ControlledInput"
    class="ControlledInput"
    data-test-id="cf-ui-controlled-input"
    id="ControlledInput"
    type="checkbox"
    value="someValue"
  />
  <label
    class="Input__ghost Checkbox__ghost"
    for="ControlledInput"
  >
    <svg
      class="emotion-0"
      data-test-id="cf-ui-icon"
      height="1em"
      viewBox="0 0 24 24"
      width="1em"
    >
      <path
        d="M20.7071 5.29289C21.0976 5.68342 21.0976 6.31658 20.7071 6.70711L9.70711 17.7071C9.51957 17.8946 9.26522 18 9 18C8.73478 18 8.48043 17.8946 8.29289 17.7071L3.29289 12.7071C2.90237 12.3166 2.90237 11.6834 3.29289 11.2929C3.68342 10.9024 4.31658 10.9024 4.70711 11.2929L9 15.5858L19.2929 5.29289C19.6834 4.90237 20.3166 4.90237 20.7071 5.29289Z"
      />
    </svg>
  </label>
</div>
`;

exports[`renders the component with all required props 1`] = `
.emotion-0 {
  display: inline-block;
  fill: #ffffff;
  height: 24px;
  width: 24px;
}

<div
  class="Checkbox"
>
  <input
    aria-label="ControlledInput"
    class="ControlledInput"
    data-test-id="cf-ui-controlled-input"
    id="ControlledInput"
    type="checkbox"
    value=""
  />
  <label
    class="Input__ghost Checkbox__ghost"
    for="ControlledInput"
  >
    <svg
      class="emotion-0"
      data-test-id="cf-ui-icon"
      height="1em"
      viewBox="0 0 24 24"
      width="1em"
    >
      <path
        d="M20.7071 5.29289C21.0976 5.68342 21.0976 6.31658 20.7071 6.70711L9.70711 17.7071C9.51957 17.8946 9.26522 18 9 18C8.73478 18 8.48043 17.8946 8.29289 17.7071L3.29289 12.7071C2.90237 12.3166 2.90237 11.6834 3.29289 11.2929C3.68342 10.9024 4.31658 10.9024 4.70711 11.2929L9 15.5858L19.2929 5.29289C19.6834 4.90237 20.3166 4.90237 20.7071 5.29289Z"
      />
    </svg>
  </label>
</div>
`;

exports[`renders the component with an additional class name 1`] = `
.emotion-0 {
  display: inline-block;
  fill: #ffffff;
  height: 24px;
  width: 24px;
}

<div
  class="Checkbox my-extra-class"
>
  <input
    aria-label="ControlledInput"
    class="ControlledInput"
    data-test-id="cf-ui-controlled-input"
    id="ControlledInput"
    type="checkbox"
    value=""
  />
  <label
    class="Input__ghost Checkbox__ghost"
    for="ControlledInput"
  >
    <svg
      class="emotion-0"
      data-test-id="cf-ui-icon"
      height="1em"
      viewBox="0 0 24 24"
      width="1em"
    >
      <path
        d="M20.7071 5.29289C21.0976 5.68342 21.0976 6.31658 20.7071 6.70711L9.70711 17.7071C9.51957 17.8946 9.26522 18 9 18C8.73478 18 8.48043 17.8946 8.29289 17.7071L3.29289 12.7071C2.90237 12.3166 2.90237 11.6834 3.29289 11.2929C3.68342 10.9024 4.31658 10.9024 4.70711 11.2929L9 15.5858L19.2929 5.29289C19.6834 4.90237 20.3166 4.90237 20.7071 5.29289Z"
      />
    </svg>
  </label>
</div>
`;

exports[`renders the component with as checked 1`] = `
.emotion-0 {
  display: inline-block;
  fill: #ffffff;
  height: 24px;
  width: 24px;
}

<div
  class="Checkbox my-extra-class"
>
  <input
    aria-label="ControlledInput"
    checked=""
    class="ControlledInput"
    data-test-id="cf-ui-controlled-input"
    id="ControlledInput"
    type="checkbox"
    value=""
  />
  <label
    class="Input__ghost Checkbox__ghost"
    for="ControlledInput"
  >
    <svg
      class="emotion-0"
      data-test-id="cf-ui-icon"
      height="1em"
      viewBox="0 0 24 24"
      width="1em"
    >
      <path
        d="M20.7071 5.29289C21.0976 5.68342 21.0976 6.31658 20.7071 6.70711L9.70711 17.7071C9.51957 17.8946 9.26522 18 9 18C8.73478 18 8.48043 17.8946 8.29289 17.7071L3.29289 12.7071C2.90237 12.3166 2.90237 11.6834 3.29289 11.2929C3.68342 10.9024 4.31658 10.9024 4.70711 11.2929L9 15.5858L19.2929 5.29289C19.6834 4.90237 20.3166 4.90237 20.7071 5.29289Z"
      />
    </svg>
  </label>
</div>
`;

exports[`renders the component with disabled prop 1`] = `
.emotion-0 {
  display: inline-block;
  fill: #192532;
  height: 24px;
  width: 24px;
}

<div
  class="Checkbox my-extra-class"
>
  <input
    aria-label="ControlledInput"
    class="ControlledInput ControlledInput--disabled"
    data-test-id="cf-ui-controlled-input"
    disabled=""
    id="ControlledInput"
    type="checkbox"
    value=""
  />
  <label
    class="Input__ghost Checkbox__ghost"
    for="ControlledInput"
  >
    <svg
      class="emotion-0"
      data-test-id="cf-ui-icon"
      height="1em"
      viewBox="0 0 24 24"
      width="1em"
    >
      <path
        d="M20.7071 5.29289C21.0976 5.68342 21.0976 6.31658 20.7071 6.70711L9.70711 17.7071C9.51957 17.8946 9.26522 18 9 18C8.73478 18 8.48043 17.8946 8.29289 17.7071L3.29289 12.7071C2.90237 12.3166 2.90237 11.6834 3.29289 11.2929C3.68342 10.9024 4.31658 10.9024 4.70711 11.2929L9 15.5858L19.2929 5.29289C19.6834 4.90237 20.3166 4.90237 20.7071 5.29289Z"
      />
    </svg>
  </label>
</div>
`;

exports[`renders the component with required prop 1`] = `
.emotion-0 {
  display: inline-block;
  fill: #ffffff;
  height: 24px;
  width: 24px;
}

<div
  class="Checkbox my-extra-class"
>
  <input
    aria-label="ControlledInput"
    class="ControlledInput"
    data-test-id="cf-ui-controlled-input"
    id="ControlledInput"
    required=""
    type="checkbox"
    value=""
  />
  <label
    class="Input__ghost Checkbox__ghost"
    for="ControlledInput"
  >
    <svg
      class="emotion-0"
      data-test-id="cf-ui-icon"
      height="1em"
      viewBox="0 0 24 24"
      width="1em"
    >
      <path
        d="M20.7071 5.29289C21.0976 5.68342 21.0976 6.31658 20.7071 6.70711L9.70711 17.7071C9.51957 17.8946 9.26522 18 9 18C8.73478 18 8.48043 17.8946 8.29289 17.7071L3.29289 12.7071C2.90237 12.3166 2.90237 11.6834 3.29289 11.2929C3.68342 10.9024 4.31658 10.9024 4.70711 11.2929L9 15.5858L19.2929 5.29289C19.6834 4.90237 20.3166 4.90237 20.7071 5.29289Z"
      />
    </svg>
  </label>
</div>
`;
