// Jest Snapshot v1, https://goo.gl/fbAQLP

exports[`renders 3 lines of skeleton text 1`] = `
<svg
  aria-label="Loading component..."
  class="SkeletonContainer"
  data-test-id="cf-ui-skeleton-form"
  height="100%"
  preserveAspectRatio="xMidYMid meet"
  role="img"
  width="100%"
>
  <title>
    Loading component...
  </title>
  <rect
    clip-path="url(#cf-ui-skeleton-clip-3)"
    height="100%"
    style="fill: url(#cf-ui-skeleton-clip-gradient-4);"
    width="100%"
    x="0"
    y="0"
  />
  <defs>
    <clippath
      id="cf-ui-skeleton-clip-3"
    >
      <rect
        height="21"
        rx="0"
        ry="0"
        width="100%"
        x="0"
        y="0"
      />
      <rect
        height="21"
        rx="0"
        ry="0"
        width="100%"
        x="0"
        y="41"
      />
      <rect
        height="21"
        rx="0"
        ry="0"
        width="80%"
        x="0"
        y="82"
      />
    </clippath>
    <lineargradient
      id="cf-ui-skeleton-clip-gradient-4"
    >
      <stop
        offset="0%"
        stop-color="#e5ebed"
        stop-opacity="1"
      >
        <animate
          attributeName="stop-color"
          dur="2s"
          id="animation-5"
          repeatCount="indefinite"
          values="#e5ebed; #f7f9fa; #e5ebed"
        />
      </stop>
      <stop
        offset="50%"
        stop-color="#f7f9fa"
        stop-opacity="1"
      >
        <animate
          attributeName="stop-color"
          begin="animation-5.begin+0.25s"
          dur="2s"
          repeatCount="indefinite"
          values="#e5ebed; #f7f9fa; #e5ebed"
        />
      </stop>
      <stop
        offset="100%"
        stop-color="#e5ebed"
        stop-opacity="1"
      >
        <animate
          attributeName="stop-color"
          begin="animation-5.begin+0.5s"
          dur="2s"
          repeatCount="indefinite"
          values="#e5ebed; #f7f9fa; #e5ebed"
        />
      </stop>
    </lineargradient>
  </defs>
</svg>
`;

exports[`renders the component 1`] = `
<svg
  aria-label="Loading component..."
  class="SkeletonContainer"
  data-test-id="cf-ui-skeleton-form"
  height="100%"
  preserveAspectRatio="xMidYMid meet"
  role="img"
  width="100%"
>
  <title>
    Loading component...
  </title>
  <rect
    clip-path="url(#cf-ui-skeleton-clip-0)"
    height="100%"
    style="fill: url(#cf-ui-skeleton-clip-gradient-1);"
    width="100%"
    x="0"
    y="0"
  />
  <defs>
    <clippath
      id="cf-ui-skeleton-clip-0"
    >
      <rect
        height="21"
        rx="0"
        ry="0"
        width="100%"
        x="0"
        y="0"
      />
    </clippath>
    <lineargradient
      id="cf-ui-skeleton-clip-gradient-1"
    >
      <stop
        offset="0%"
        stop-color="#e5ebed"
        stop-opacity="1"
      >
        <animate
          attributeName="stop-color"
          dur="2s"
          id="animation-2"
          repeatCount="indefinite"
          values="#e5ebed; #f7f9fa; #e5ebed"
        />
      </stop>
      <stop
        offset="50%"
        stop-color="#f7f9fa"
        stop-opacity="1"
      >
        <animate
          attributeName="stop-color"
          begin="animation-2.begin+0.25s"
          dur="2s"
          repeatCount="indefinite"
          values="#e5ebed; #f7f9fa; #e5ebed"
        />
      </stop>
      <stop
        offset="100%"
        stop-color="#e5ebed"
        stop-opacity="1"
      >
        <animate
          attributeName="stop-color"
          begin="animation-2.begin+0.5s"
          dur="2s"
          repeatCount="indefinite"
          values="#e5ebed; #f7f9fa; #e5ebed"
        />
      </stop>
    </lineargradient>
  </defs>
</svg>
`;
