// Jest Snapshot v1, https://goo.gl/fbAQLP

exports[`renders the component 1`] = `
<td
  align="left"
  class="TableCell TableCell--head__sorting"
  data-test-id="cf-ui-table-cell"
  style="top: 0px;"
>
  Foo
</td>
`;
