// Jest Snapshot v1, https://goo.gl/fbAQLP

exports[`renders the component 1`] = `
.emotion-0 {
  display: inline-block;
  fill: #ffffff;
  height: 16px;
  width: 16px;
}

<div
  class="Switch__wrapper"
>
  <input
    class="Switch"
    id="testCheckbox"
    type="checkbox"
  />
  <label
    class="Switch__label"
    for="testCheckbox"
  >
    <svg
      class="Switch__icon Switch__icon--done emotion-0"
      data-test-id="cf-ui-icon"
      height="1em"
      viewBox="0 0 24 24"
      width="1em"
    >
      <path
        d="M20.7071 5.29289C21.0976 5.68342 21.0976 6.31658 20.7071 6.70711L9.70711 17.7071C9.51957 17.8946 9.26522 18 9 18C8.73478 18 8.48043 17.8946 8.29289 17.7071L3.29289 12.7071C2.90237 12.3166 2.90237 11.6834 3.29289 11.2929C3.68342 10.9024 4.31658 10.9024 4.70711 11.2929L9 15.5858L19.2929 5.29289C19.6834 4.90237 20.3166 4.90237 20.7071 5.29289Z"
      />
    </svg>
    foobar
    <svg
      class="Switch__icon Switch__icon--close emotion-0"
      data-test-id="cf-ui-icon"
      height="1em"
      viewBox="0 0 24 24"
      width="1em"
    >
      <path
        d="M18.7071 6.70711C19.0976 6.31658 19.0976 5.68342 18.7071 5.29289C18.3166 4.90237 17.6834 4.90237 17.2929 5.29289L12 10.5858L6.70711 5.29289C6.31658 4.90237 5.68342 4.90237 5.29289 5.29289C4.90237 5.68342 4.90237 6.31658 5.29289 6.70711L10.5858 12L5.29289 17.2929C4.90237 17.6834 4.90237 18.3166 5.29289 18.7071C5.68342 19.0976 6.31658 19.0976 6.70711 18.7071L12 13.4142L17.2929 18.7071C17.6834 19.0976 18.3166 19.0976 18.7071 18.7071C19.0976 18.3166 19.0976 17.6834 18.7071 17.2929L13.4142 12L18.7071 6.70711Z"
      />
    </svg>
  </label>
</div>
`;

exports[`renders the component as checked 1`] = `
.emotion-0 {
  display: inline-block;
  fill: #ffffff;
  height: 16px;
  width: 16px;
}

<div
  class="Switch__wrapper"
>
  <input
    checked=""
    class="Switch Switch--checked"
    id="testCheckbox"
    type="checkbox"
  />
  <label
    class="Switch__label"
    for="testCheckbox"
  >
    <svg
      class="Switch__icon Switch__icon--done emotion-0"
      data-test-id="cf-ui-icon"
      height="1em"
      viewBox="0 0 24 24"
      width="1em"
    >
      <path
        d="M20.7071 5.29289C21.0976 5.68342 21.0976 6.31658 20.7071 6.70711L9.70711 17.7071C9.51957 17.8946 9.26522 18 9 18C8.73478 18 8.48043 17.8946 8.29289 17.7071L3.29289 12.7071C2.90237 12.3166 2.90237 11.6834 3.29289 11.2929C3.68342 10.9024 4.31658 10.9024 4.70711 11.2929L9 15.5858L19.2929 5.29289C19.6834 4.90237 20.3166 4.90237 20.7071 5.29289Z"
      />
    </svg>
    foobar
    <svg
      class="Switch__icon Switch__icon--close emotion-0"
      data-test-id="cf-ui-icon"
      height="1em"
      viewBox="0 0 24 24"
      width="1em"
    >
      <path
        d="M18.7071 6.70711C19.0976 6.31658 19.0976 5.68342 18.7071 5.29289C18.3166 4.90237 17.6834 4.90237 17.2929 5.29289L12 10.5858L6.70711 5.29289C6.31658 4.90237 5.68342 4.90237 5.29289 5.29289C4.90237 5.68342 4.90237 6.31658 5.29289 6.70711L10.5858 12L5.29289 17.2929C4.90237 17.6834 4.90237 18.3166 5.29289 18.7071C5.68342 19.0976 6.31658 19.0976 6.70711 18.7071L12 13.4142L17.2929 18.7071C17.6834 19.0976 18.3166 19.0976 18.7071 18.7071C19.0976 18.3166 19.0976 17.6834 18.7071 17.2929L13.4142 12L18.7071 6.70711Z"
      />
    </svg>
  </label>
</div>
`;

exports[`renders the component as disabled 1`] = `
.emotion-0 {
  display: inline-block;
  fill: #ffffff;
  height: 16px;
  width: 16px;
}

<div
  class="Switch__wrapper"
>
  <input
    class="Switch Switch--disabled"
    disabled=""
    id="testCheckbox"
    type="checkbox"
  />
  <label
    class="Switch__label Switch__label--disabled"
    for="testCheckbox"
  >
    <svg
      class="Switch__icon Switch__icon--done emotion-0"
      data-test-id="cf-ui-icon"
      height="1em"
      viewBox="0 0 24 24"
      width="1em"
    >
      <path
        d="M20.7071 5.29289C21.0976 5.68342 21.0976 6.31658 20.7071 6.70711L9.70711 17.7071C9.51957 17.8946 9.26522 18 9 18C8.73478 18 8.48043 17.8946 8.29289 17.7071L3.29289 12.7071C2.90237 12.3166 2.90237 11.6834 3.29289 11.2929C3.68342 10.9024 4.31658 10.9024 4.70711 11.2929L9 15.5858L19.2929 5.29289C19.6834 4.90237 20.3166 4.90237 20.7071 5.29289Z"
      />
    </svg>
    foobar
    <svg
      class="Switch__icon Switch__icon--close emotion-0"
      data-test-id="cf-ui-icon"
      height="1em"
      viewBox="0 0 24 24"
      width="1em"
    >
      <path
        d="M18.7071 6.70711C19.0976 6.31658 19.0976 5.68342 18.7071 5.29289C18.3166 4.90237 17.6834 4.90237 17.2929 5.29289L12 10.5858L6.70711 5.29289C6.31658 4.90237 5.68342 4.90237 5.29289 5.29289C4.90237 5.68342 4.90237 6.31658 5.29289 6.70711L10.5858 12L5.29289 17.2929C4.90237 17.6834 4.90237 18.3166 5.29289 18.7071C5.68342 19.0976 6.31658 19.0976 6.70711 18.7071L12 13.4142L17.2929 18.7071C17.6834 19.0976 18.3166 19.0976 18.7071 18.7071C19.0976 18.3166 19.0976 17.6834 18.7071 17.2929L13.4142 12L18.7071 6.70711Z"
      />
    </svg>
  </label>
</div>
`;

exports[`renders the component as disabled and checked 1`] = `
.emotion-0 {
  display: inline-block;
  fill: #ffffff;
  height: 16px;
  width: 16px;
}

<div
  class="Switch__wrapper"
>
  <input
    checked=""
    class="Switch Switch--checked Switch--disabled"
    disabled=""
    id="testCheckbox"
    type="checkbox"
  />
  <label
    class="Switch__label Switch__label--disabled"
    for="testCheckbox"
  >
    <svg
      class="Switch__icon Switch__icon--done emotion-0"
      data-test-id="cf-ui-icon"
      height="1em"
      viewBox="0 0 24 24"
      width="1em"
    >
      <path
        d="M20.7071 5.29289C21.0976 5.68342 21.0976 6.31658 20.7071 6.70711L9.70711 17.7071C9.51957 17.8946 9.26522 18 9 18C8.73478 18 8.48043 17.8946 8.29289 17.7071L3.29289 12.7071C2.90237 12.3166 2.90237 11.6834 3.29289 11.2929C3.68342 10.9024 4.31658 10.9024 4.70711 11.2929L9 15.5858L19.2929 5.29289C19.6834 4.90237 20.3166 4.90237 20.7071 5.29289Z"
      />
    </svg>
    foobar
    <svg
      class="Switch__icon Switch__icon--close emotion-0"
      data-test-id="cf-ui-icon"
      height="1em"
      viewBox="0 0 24 24"
      width="1em"
    >
      <path
        d="M18.7071 6.70711C19.0976 6.31658 19.0976 5.68342 18.7071 5.29289C18.3166 4.90237 17.6834 4.90237 17.2929 5.29289L12 10.5858L6.70711 5.29289C6.31658 4.90237 5.68342 4.90237 5.29289 5.29289C4.90237 5.68342 4.90237 6.31658 5.29289 6.70711L10.5858 12L5.29289 17.2929C4.90237 17.6834 4.90237 18.3166 5.29289 18.7071C5.68342 19.0976 6.31658 19.0976 6.70711 18.7071L12 13.4142L17.2929 18.7071C17.6834 19.0976 18.3166 19.0976 18.7071 18.7071C19.0976 18.3166 19.0976 17.6834 18.7071 17.2929L13.4142 12L18.7071 6.70711Z"
      />
    </svg>
  </label>
</div>
`;

exports[`renders the component with an additional class name 1`] = `
.emotion-0 {
  display: inline-block;
  fill: #ffffff;
  height: 16px;
  width: 16px;
}

<div
  class="Switch__wrapper my-extra-class"
>
  <input
    class="Switch"
    id="testCheckbox"
    type="checkbox"
  />
  <label
    class="Switch__label"
    for="testCheckbox"
  >
    <svg
      class="Switch__icon Switch__icon--done emotion-0"
      data-test-id="cf-ui-icon"
      height="1em"
      viewBox="0 0 24 24"
      width="1em"
    >
      <path
        d="M20.7071 5.29289C21.0976 5.68342 21.0976 6.31658 20.7071 6.70711L9.70711 17.7071C9.51957 17.8946 9.26522 18 9 18C8.73478 18 8.48043 17.8946 8.29289 17.7071L3.29289 12.7071C2.90237 12.3166 2.90237 11.6834 3.29289 11.2929C3.68342 10.9024 4.31658 10.9024 4.70711 11.2929L9 15.5858L19.2929 5.29289C19.6834 4.90237 20.3166 4.90237 20.7071 5.29289Z"
      />
    </svg>
    foobar
    <svg
      class="Switch__icon Switch__icon--close emotion-0"
      data-test-id="cf-ui-icon"
      height="1em"
      viewBox="0 0 24 24"
      width="1em"
    >
      <path
        d="M18.7071 6.70711C19.0976 6.31658 19.0976 5.68342 18.7071 5.29289C18.3166 4.90237 17.6834 4.90237 17.2929 5.29289L12 10.5858L6.70711 5.29289C6.31658 4.90237 5.68342 4.90237 5.29289 5.29289C4.90237 5.68342 4.90237 6.31658 5.29289 6.70711L10.5858 12L5.29289 17.2929C4.90237 17.6834 4.90237 18.3166 5.29289 18.7071C5.68342 19.0976 6.31658 19.0976 6.70711 18.7071L12 13.4142L17.2929 18.7071C17.6834 19.0976 18.3166 19.0976 18.7071 18.7071C19.0976 18.3166 19.0976 17.6834 18.7071 17.2929L13.4142 12L18.7071 6.70711Z"
      />
    </svg>
  </label>
</div>
`;
